// Jest Snapshot v1, https://goo.gl/fbAQLP

exports[`Categories component renders properly without crashing 1`] = `
<div>
  <div
    style={
      Object {
        "background": "grey",
        "backgroundColor": "#EEEEEE",
        "color": "white",
      }
    }
  >
    <NavigationBar />
  </div>
  <div
    className="empty-div"
  />
  <div
    className="categories-parent-background"
  >
    <div
      className="categories-container"
    >
      <div
        className="grid"
      >
        <ToastContainer
          autoClose={5000}
          bodyClassName=""
          className={null}
          closeButton={
            <DefaultCloseButton
              ariaLabel="close"
            />
          }
          closeOnClick={true}
          hideProgressBar={false}
          newestOnTop={false}
          pauseOnHover={true}
          position="top-right"
          progressClassName=""
          style={null}
          toastClassName=""
          transition={[Function]}
        />
        <BreadCrumbComponent
          active_item="Categories/"
        />
        <SearchForm
          name_change={[Function]}
          search={[Function]}
          search_event={[Function]}
          search_placeholder="Search Categories"
        />
        <Row
          bsClass="row"
          componentClass="div"
        >
          <Col
            bsClass="col"
            componentClass="div"
            sm={4}
          >
            <Button
              active={false}
              block={false}
              bsClass="btn"
              bsStyle="info"
              className="add-categories-btn"
              disabled={false}
              onClick={[Function]}
            >
               
              <span>
                 Add recipe category 
              </span>
               
            </Button>
          </Col>
        </Row>
        <div>
          <ReusableModal
            btn_name="Add Category"
            category_placeholder=" Category Name "
            category_state="Add Category"
            current_state={[Function]}
            method={[Function]}
            method_state={false}
            onChange={[Function]}
          />
          <DeleteComponent
            click_state={[Function]}
            form_submit={[Function]}
            item_state=""
            modal_header={[Function]}
            modal_title="Are you sure you want to delete this category?"
          />
          <ReusableModal
            btn_name="Update"
            category_placeholder=""
            category_state="Edit Category"
            category_value=""
            current_state={[Function]}
            method={[Function]}
            onChange={[Function]}
          />
        </div>
        <Row
          bsClass="row"
          componentClass="div"
        />
        <div
          className="alert alert-danger"
        >
          No categories on this land, kindly add them 
        </div>
        <Paginator
          next={[Function]}
          previous={[Function]}
        />
      </div>
    </div>
  </div>
  <div
    className="empty-div"
  />
  <Footer />
</div>
`;
