// Jest Snapshot v1, https://goo.gl/fbAQLP

exports[`Footer component renders properly without crashing 1`] = `
<div
  className="footer"
>
  <Navbar
    color="white"
    expand="md"
    light={true}
    tag="nav"
  >
    <Nav
      className="ml-auto"
      navbar={true}
      tag="ul"
      vertical={false}
    >
      <NavItem
        tag="li"
      >
        <NavLink
          tag="a"
        >
          All rights reserved (c) 2018
        </NavLink>
      </NavItem>
    </Nav>
  </Navbar>
</div>
`;
