// Jest Snapshot v1, https://goo.gl/fbAQLP

exports[`DeleteComponent component renders properly without crashing 1`] = `
<Modal
  animation={true}
  autoFocus={true}
  backdrop={true}
  bsClass="modal"
  className="modal-fade"
  dialogComponentClass={[Function]}
  enforceFocus={true}
  keyboard={true}
  manager={
    ModalManager {
      "add": [Function],
      "containers": Array [],
      "data": Array [],
      "handleContainerOverflow": true,
      "hideSiblingNodes": true,
      "isTopModal": [Function],
      "modals": Array [],
      "remove": [Function],
    }
  }
  onHide={[Function]}
  renderBackdrop={[Function]}
  restoreFocus={true}
  show={false}
>
  <form>
    <ModalHeader
      bsClass="modal-header"
      closeButton={false}
      closeLabel="Close"
    >
      <ModalTitle
        bsClass="modal-title"
        componentClass="h4"
      >
         
         
      </ModalTitle>
    </ModalHeader>
    <ModalBody
      bsClass="modal-body"
      componentClass="div"
    >
      <center>
         
         
      </center>
    </ModalBody>
    <ModalFooter
      bsClass="modal-footer"
      componentClass="div"
    >
      <Button
        active={false}
        block={false}
        bsClass="btn"
        bsStyle="info"
        disabled={false}
        id="cancel"
      >
        Cancel
      </Button>
      <Button
        active={false}
        block={false}
        bsClass="btn"
        bsStyle="danger"
        disabled={false}
        id="delete"
        type="submit"
      >
        delete
      </Button>
    </ModalFooter>
  </form>
</Modal>
`;
