// Jest Snapshot v1, https://goo.gl/fbAQLP

exports[`BreadCrumbComponent component renders properly without crashing 1`] = `
<Row
  bsClass="row"
  componentClass="div"
>
  <Col
    bsClass="col"
    componentClass="div"
    sm={12}
  >
    <Breadcrumb
      bsClass="breadcrumb"
    >
      <BreadcrumbItem
        active={false}
      />
      <BreadcrumbItem
        active={true}
        href="#"
      />
    </Breadcrumb>
  </Col>
</Row>
`;
