// Jest Snapshot v1, https://goo.gl/fbAQLP

exports[`Paginator component renders properly without crashing 1`] = `
<Row
  tag="div"
>
  <Col
    md={5}
    tag="div"
    widths={
      Array [
        "xs",
        "sm",
        "md",
        "lg",
        "xl",
      ]
    }
  >
     
  </Col>
  <center>
    <div>
      <Pagination
        tag="ul"
      >
        <Button
          bsStyle="info"
          color="secondary"
          id="previous"
          tag="button"
        >
          Previous 
        </Button>
        <div
          style={
            Object {
              "paddingRight": "10px",
            }
          }
        >
           
        </div>
        <Button
          bsStyle="info"
          color="secondary"
          id="next"
          tag="button"
        >
          Next 
        </Button>
      </Pagination>
    </div>
  </center>
</Row>
`;
