// Jest Snapshot v1, https://goo.gl/fbAQLP

exports[`Recipes component renders properly without crashing 1`] = `
<div>
  <div
    style={
      Object {
        "background": "grey",
        "backgroundColor": "#EEEEEE",
        "color": "white",
      }
    }
  >
    <NavigationBar />
  </div>
  <div
    className="empty-div"
  />
  <div
    className="categories-parent-background"
  >
    <div
      className="categories-container"
    >
      <div
        className="grid"
      >
        <ToastContainer
          autoClose={5000}
          bodyClassName=""
          className={null}
          closeButton={
            <DefaultCloseButton
              ariaLabel="close"
            />
          }
          closeOnClick={true}
          hideProgressBar={false}
          newestOnTop={false}
          pauseOnHover={true}
          position="top-right"
          progressClassName=""
          style={null}
          toastClassName=""
          transition={[Function]}
        />
        <BreadCrumbComponent
          active_item="/Recipes/"
          href="/categories"
          item_one="Categories"
        />
        <SearchForm
          name_change={[Function]}
          search={[Function]}
          search_event={[Function]}
          search_placeholder="Search Recipes"
        />
        <Row
          bsClass="row"
          componentClass="div"
        >
          <Col
            bsClass="col"
            componentClass="div"
            sm={4}
          >
            <Button
              active={false}
              block={false}
              bsClass="btn"
              bsStyle="info"
              disabled={false}
              onClick={[Function]}
            >
               
              <span>
                 Add recipes 
              </span>
               
            </Button>
          </Col>
        </Row>
        <div>
          <RecipeModal
            actionButton={
              <Button
                active={false}
                block={false}
                bsClass="btn"
                bsStyle="success"
                disabled={false}
                id="recipe_modal_add"
                onClick={[Function]}
                type="submit"
              >
                 Add Recipe 
              </Button>
            }
            cancel_click_state={[Function]}
            hide_state={[Function]}
            ingredients_change={[Function]}
            ingredients_id="ingredients_name"
            method_state={false}
            methods_id="methods_name"
            modal_title="Add Recipe"
            name_change={[Function]}
            name_id="recipe_name"
            recipe_ingredients="Recipe Ingredients"
            recipe_methods="Recipe Methods"
            recipe_methods_change={[Function]}
            recipe_name="Recipe Name"
          />
          <DeleteComponent
            click_state={[Function]}
            form_submit={[Function]}
            item_state=""
            modal_header={[Function]}
            modal_title="Are you sure you want to delete this recipe?"
          />
          <RecipeModal
            actionButton={
              <Button
                active={false}
                block={false}
                bsClass="btn"
                bsStyle="success"
                disabled={false}
                id="recipe_modal_edit"
                onClick={[Function]}
                type="submit"
              >
                 Update 
              </Button>
            }
            cancel_click_state={[Function]}
            ingredients_change={[Function]}
            ingredients_id="ingredients_name"
            methods_id="methods_name"
            modal_header={[Function]}
            modal_title="Update Recipe"
            name_change={[Function]}
            name_id="recipe_name"
            recipe_ingredients=""
            recipe_ingredients_value=""
            recipe_methods=""
            recipe_methods_change={[Function]}
            recipe_methods_value=""
            recipe_name=""
            recipe_name_value=""
            submit_form={[Function]}
          />
          <RecipeModal
            cancel_click_state={[Function]}
            modal_header={[Function]}
            modal_title="View Recipe Details"
            readonly="readonly=\\""
            recipe_ingredients_value=""
            recipe_methods_value=""
            recipe_name_value=""
          />
        </div>
        <Row
          bsClass="row"
          componentClass="div"
        />
        <div
          className="alert alert-danger"
        >
          No recipes found on this land, kindly add them 
        </div>
        <Paginator
          next={[Function]}
          previous={[Function]}
        />
      </div>
    </div>
  </div>
  <div
    className="empty-div"
  />
  <Footer />
</div>
`;
